column	errors	nulls	distinct	mode	min	max	sum	median	mean	stdev
	0	10	2	#ERR						
amt	0	3	8	0.01	0.01	43.2	58.919999999999995	3.0	8.42	15.67
key1	0	3	9	2016-01-01	2016-01-01	2018-10-20	#ERR	2018-07-27	#ERR	#ERR
key2	0	3	5	baz						
qty	1	2	9	1	1	256	375	16	53.57	92.05
