column	errors	nulls	distinct	mode	min	max	sum	median	mean	stdev
Date	0	0	45	2018-07-10	2018-07-03	2018-08-31	#ERR	2018-08-06	#ERR	#ERR
Customer	0	0	15	Robert Armstrong						
SKU	0	0	32	FOOD122						
Item	0	0	38	Food, Senior Wet Cat - 3 oz						
Quantity	0	0	10	1	1	144	401	2	8.18	21.97
Unit	0	0	26	12.95	0.0	2495.99	11413.830000000005	12.95	232.94	596.19
Paid	0	0	34	51.8	-2300.0	3602.1	10663.999999999998	51.8	217.63	836.31
