Quantity.foo	count	percent	histogram
#ERR	49	100.00	**************************************************
