Index,Year,Age,Name,Movie,
#ERR,,,,,
2,1929,37,"Mary Pickford""",Coquette,
3 1930,28,Norma Shearer,The Divorcee	,,
4,1931,63,Marie Dressler,Min and Bill,
5,1932,32,Helen Hayes,The Sin of Madelon Claudet	,
#ERR,,,,,
7,hell☃ 1934,31,Claudette Colbert,It Happened One Night,
8,hell� 1935,27,Bette Davis,Dangerous,
