season	episode	episode	rating	votes
1	0	0	7	1415
1	1	1	8	3441
1	2	2	8	2973
1	3	3	7	2994
